{
 "sha256": "1338de4bdc5fbf9d33c8bd37abb34532535d2cd1e77f18e4deb87c357a65f15c",
 "keys": [
  "a",
  "doc",
  "dres",
  "dzero",
  "gap",
  "q",
  "rank",
  "sent",
  "t",
  "tfull"
 ],
 "age_range_full": [
  1,
  16
 ],
 "rank_eq_16_minus_age_all_full": true,
 "full_steps": 2048,
 "max_slots_per_age_per_step": 1,
 "steps_with_exactly_one_per_age_1_16": 2048,
 "n_tau_pop": 13376,
 "tau": {
  "0.99": 0.3109549731015192,
  "0.995": 0.4157434984576128,
  "0.999": 0.7129988655444408
 },
 "tau_boot95": {
  "0.99": [
   0.2914859562564642,
   0.33419497060775727
  ],
  "0.995": [
   0.37785662201800957,
   0.47157983760776706
  ],
  "0.999": [
   0.6401316165924071,
   0.7953682262451136
  ]
 },
 "by_tau": {
  "0.99": {
   "primary": {
    "n_Q_steps": 884,
    "cells_per_step_set": [
     16
    ],
    "n_Q_cells_with_value": 14028,
    "n_crit": 742,
    "crit_share_of_Qcells": 0.05289421157684631,
    "crit_that_are_A": 641,
    "A_with_value": 652,
    "A_crit": 641,
    "steps_with_any_nan": 106,
    "n_Qcrit_steps": 689,
    "n_Qcrit_complete": 612,
    "k_hist": {
     "0": 195,
     "1": 645,
     "2": 36,
     "3": 7,
     "4": 1,
     "5": 0
    },
    "H_random_mean_k_over_M": 0.0673076923076923,
    "H_random_mean_k_over_n_cells": 0.0673076923076923,
    "crit_per_age": {
     "1": 173,
     "2": 127,
     "3": 97,
     "4": 88,
     "5": 41,
     "6": 27,
     "7": 29,
     "8": 23,
     "9": 13,
     "10": 15,
     "11": 5,
     "12": 23,
     "13": 18,
     "14": 21,
     "15": 22,
     "16": 20
    },
    "cells_per_age": {
     "1": 874,
     "2": 881,
     "3": 879,
     "4": 876,
     "5": 878,
     "6": 877,
     "7": 876,
     "8": 877,
     "9": 878,
     "10": 879,
     "11": 875,
     "12": 875,
     "13": 879,
     "14": 877,
     "15": 873,
     "16": 874
    },
    "FIFO_harm_age16": 0.02902757619738752
   },
   "bos_excluded": {
    "n_Q_steps": 720,
    "cells_per_step_set": [
     15
    ],
    "n_Q_cells_with_value": 10713,
    "n_crit": 569,
    "crit_share_of_Qcells": 0.05311304023149445,
    "crit_that_are_A": 483,
    "A_with_value": 494,
    "A_crit": 483,
    "steps_with_any_nan": 80,
    "n_Qcrit_steps": 531,
    "n_Qcrit_complete": 473,
    "k_hist": {
     "0": 189,
     "1": 498,
     "2": 28,
     "3": 5,
     "4": 0,
     "5": 0
    },
    "H_random_mean_k_over_M": 0.06697269303201507,
    "H_random_mean_k_over_n_cells": 0.0714375392341494,
    "crit_per_age": {
     "1": 0,
     "2": 127,
     "3": 97,
     "4": 88,
     "5": 41,
     "6": 27,
     "7": 29,
     "8": 23,
     "9": 13,
     "10": 15,
     "11": 5,
     "12": 23,
     "13": 18,
     "14": 21,
     "15": 22,
     "16": 20
    },
    "cells_per_age": {
     "1": 0,
     "2": 717,
     "3": 716,
     "4": 715,
     "5": 715,
     "6": 713,
     "7": 715,
     "8": 713,
     "9": 714,
     "10": 717,
     "11": 713,
     "12": 712,
     "13": 715,
     "14": 715,
     "15": 710,
     "16": 713
    },
    "FIFO_harm_age16": 0.03766478342749529
   }
  },
  "0.995": {
   "primary": {
    "n_Q_steps": 884,
    "cells_per_step_set": [
     16
    ],
    "n_Q_cells_with_value": 14028,
    "n_crit": 683,
    "crit_share_of_Qcells": 0.0486883376104933,
    "crit_that_are_A": 631,
    "A_with_value": 652,
    "A_crit": 631,
    "steps_with_any_nan": 106,
    "n_Qcrit_steps": 656,
    "n_Qcrit_complete": 582,
    "k_hist": {
     "0": 228,
     "1": 633,
     "2": 20,
     "3": 2,
     "4": 1,
     "5": 0
    },
    "H_random_mean_k_over_M": 0.06507240853658537,
    "H_random_mean_k_over_n_cells": 0.06507240853658537,
    "crit_per_age": {
     "1": 166,
     "2": 115,
     "3": 92,
     "4": 81,
     "5": 38,
     "6": 27,
     "7": 24,
     "8": 19,
     "9": 11,
     "10": 14,
     "11": 2,
     "12": 22,
     "13": 14,
     "14": 19,
     "15": 20,
     "16": 19
    },
    "cells_per_age": {
     "1": 874,
     "2": 881,
     "3": 879,
     "4": 876,
     "5": 878,
     "6": 877,
     "7": 876,
     "8": 877,
     "9": 878,
     "10": 879,
     "11": 875,
     "12": 875,
     "13": 879,
     "14": 877,
     "15": 873,
     "16": 874
    },
    "FIFO_harm_age16": 0.028963414634146343
   },
   "bos_excluded": {
    "n_Q_steps": 720,
    "cells_per_step_set": [
     15
    ],
    "n_Q_cells_with_value": 10713,
    "n_crit": 517,
    "crit_share_of_Qcells": 0.04825912442826472,
    "crit_that_are_A": 475,
    "A_with_value": 494,
    "A_crit": 475,
    "steps_with_any_nan": 80,
    "n_Qcrit_steps": 498,
    "n_Qcrit_complete": 443,
    "k_hist": {
     "0": 222,
     "1": 481,
     "2": 15,
     "3": 2,
     "4": 0,
     "5": 0
    },
    "H_random_mean_k_over_M": 0.06488453815261044,
    "H_random_mean_k_over_n_cells": 0.06921017402945114,
    "crit_per_age": {
     "1": 0,
     "2": 115,
     "3": 92,
     "4": 81,
     "5": 38,
     "6": 27,
     "7": 24,
     "8": 19,
     "9": 11,
     "10": 14,
     "11": 2,
     "12": 22,
     "13": 14,
     "14": 19,
     "15": 20,
     "16": 19
    },
    "cells_per_age": {
     "1": 0,
     "2": 717,
     "3": 716,
     "4": 715,
     "5": 715,
     "6": 713,
     "7": 715,
     "8": 713,
     "9": 714,
     "10": 717,
     "11": 713,
     "12": 712,
     "13": 715,
     "14": 715,
     "15": 710,
     "16": 713
    },
    "FIFO_harm_age16": 0.03815261044176707
   }
  },
  "0.999": {
   "primary": {
    "n_Q_steps": 884,
    "cells_per_step_set": [
     16
    ],
    "n_Q_cells_with_value": 14028,
    "n_crit": 572,
    "crit_share_of_Qcells": 0.04077559167379527,
    "crit_that_are_A": 561,
    "A_with_value": 652,
    "A_crit": 561,
    "steps_with_any_nan": 106,
    "n_Qcrit_steps": 567,
    "n_Qcrit_complete": 503,
    "k_hist": {
     "0": 317,
     "1": 562,
     "2": 5,
     "3": 0,
     "4": 0,
     "5": 0
    },
    "H_random_mean_k_over_M": 0.06305114638447971,
    "H_random_mean_k_over_n_cells": 0.06305114638447971,
    "crit_per_age": {
     "1": 159,
     "2": 109,
     "3": 83,
     "4": 74,
     "5": 32,
     "6": 20,
     "7": 21,
     "8": 14,
     "9": 4,
     "10": 5,
     "11": 1,
     "12": 13,
     "13": 6,
     "14": 14,
     "15": 10,
     "16": 7
    },
    "cells_per_age": {
     "1": 874,
     "2": 881,
     "3": 879,
     "4": 876,
     "5": 878,
     "6": 877,
     "7": 876,
     "8": 877,
     "9": 878,
     "10": 879,
     "11": 875,
     "12": 875,
     "13": 879,
     "14": 877,
     "15": 873,
     "16": 874
    },
    "FIFO_harm_age16": 0.012345679012345678
   },
   "bos_excluded": {
    "n_Q_steps": 720,
    "cells_per_step_set": [
     15
    ],
    "n_Q_cells_with_value": 10713,
    "n_crit": 413,
    "crit_share_of_Qcells": 0.038551292821805284,
    "crit_that_are_A": 405,
    "A_with_value": 494,
    "A_crit": 405,
    "steps_with_any_nan": 80,
    "n_Qcrit_steps": 411,
    "n_Qcrit_complete": 365,
    "k_hist": {
     "0": 309,
     "1": 409,
     "2": 2,
     "3": 0,
     "4": 0,
     "5": 0
    },
    "H_random_mean_k_over_M": 0.06280413625304136,
    "H_random_mean_k_over_n_cells": 0.06699107866991078,
    "crit_per_age": {
     "1": 0,
     "2": 109,
     "3": 83,
     "4": 74,
     "5": 32,
     "6": 20,
     "7": 21,
     "8": 14,
     "9": 4,
     "10": 5,
     "11": 1,
     "12": 13,
     "13": 6,
     "14": 14,
     "15": 10,
     "16": 7
    },
    "cells_per_age": {
     "1": 0,
     "2": 717,
     "3": 716,
     "4": 715,
     "5": 715,
     "6": 713,
     "7": 715,
     "8": 713,
     "9": 714,
     "10": 717,
     "11": 713,
     "12": 712,
     "13": 715,
     "14": 715,
     "15": 710,
     "16": 713
    },
    "FIFO_harm_age16": 0.0170316301703163
   }
  }
 },
 "A_gap_hist": {
  "1": 164,
  "2": 113,
  "3": 88,
  "4": 73,
  "5": 35,
  "6": 27,
  "7": 25,
  "8": 18,
  "9": 10,
  "10": 12,
  "11": 2,
  "12": 22,
  "13": 14,
  "14": 20,
  "15": 20,
  "16": 20
 }
}
