/Users/keanooo7/Documents/RSR-2026-09-27-plan/reviews/e0d-a2-final/m2_power.py:82: RuntimeWarning: Mean of empty slice
  stepv=np.nanmean(adj,axis=1) if True else None
{
 "tau": 0.4157434984576128,
 "populations": {
  "bos_excluded(operative)": {
   "PC_binary_true_demand": {
    "AUROC_strat": 0.9585098781423167,
    "AUROC_unstrat": 0.9584493065509818,
    "H": 0.005922820595506826,
    "H_random": 0.06937547027840481,
    "H_age_random": 0.06528106057683276,
    "R_H": 0.09072800814159479,
    "R_H_uniform": 0.0853734118376201,
    "companion": 0.44690795373229725,
    "n_bins": 15,
    "n_Qcrit": 443,
    "sd_at_1024": {
     "AUROC_strat": 0.0015401899671820527,
     "R_H": 0.003444235991477605,
     "AUROC_unstrat": 0.0015280416529402918,
     "H": 0.0002355615455667132,
     "H_age_random": 0.00020849875284158475,
     "companion": 0.00133321650949247
    },
    "R_H_nan_frac_1024": 0.0,
    "power_one_seed_AUROC": 1.0,
    "power_one_seed_harm": 1.0
   },
   "ORACLE_loo_replicate": {
    "AUROC_strat": 0.9884583385814415,
    "AUROC_unstrat": 0.989925127083629,
    "H": 0.002257336343115124,
    "H_random": 0.06937547027840481,
    "H_age_random": 0.08324118849013243,
    "R_H": 0.02711802154750245,
    "R_H_uniform": 0.03253796095444685,
    "companion": 0.43962372506845726,
    "n_bins": 15,
    "n_Qcrit": 443,
    "sd_at_1024": {
     "AUROC_strat": 0.0008685947771074047,
     "R_H": 0.006613887305863336,
     "AUROC_unstrat": 0.0008515909640938905,
     "H": 0.0005510426874346661,
     "H_age_random": 0.0009395264068609544,
     "companion": 0.0014595927669986176
    },
    "R_H_nan_frac_1024": 0.0,
    "power_one_seed_AUROC": 1.0,
    "power_one_seed_harm": 1.0
   },
   "AGE_only": {
    "AUROC_strat": 0.5,
    "AUROC_unstrat": 0.7361478085614793,
    "H": 0.004514672686230248,
    "H_random": 0.06937547027840481,
    "H_age_random": 0.004514672686230248,
    "R_H": 1.0,
    "R_H_uniform": 0.0650759219088937,
    "companion": -0.0010194063981843315,
    "n_bins": 15,
    "n_Qcrit": 443,
    "sd_at_1024": {
     "AUROC_strat": 0.0,
     "R_H": 0.0,
     "AUROC_unstrat": 0.002595800757135366,
     "H": 0.0007613365703751361,
     "H_age_random": 0.0007613365703751361,
     "companion": 0.0001147867624714486
    },
    "R_H_nan_frac_1024": 0.0
   },
   "RECENCY": {
    "AUROC_strat": 0.5,
    "AUROC_unstrat": 0.7128800652282953,
    "H": 0.03837471783295711,
    "H_random": 0.06937547027840481,
    "H_age_random": 0.03837471783295711,
    "R_H": 1.0,
    "R_H_uniform": 0.5531453362255966,
    "companion": -0.0007085841762784256,
    "n_bins": 15,
    "n_Qcrit": 443,
    "sd_at_1024": {
     "AUROC_strat": 0.0,
     "R_H": 0.0,
     "AUROC_unstrat": 0.0032622498139463305,
     "H": 0.0024396026527004643,
     "H_age_random": 0.0024396026527004643,
     "companion": 7.55766574361037e-05
    },
    "R_H_nan_frac_1024": 0.0
   },
   "NULL_shuffled_within_step": {
    "AUROC_strat": 0.49524800268528657,
    "AUROC_unstrat": 0.49562823969349684,
    "H": 0.04966139954853273,
    "H_random": 0.06937547027840481,
    "H_age_random": 0.06330732895454246,
    "R_H": 0.7844494526722471,
    "R_H_uniform": 0.7158351409978309,
    "companion": -0.0006692785481476287,
    "n_bins": 15,
    "n_Qcrit": 443,
    "sd_at_1024": {
     "AUROC_strat": 0.002610256196974329,
     "R_H": 0.04003576875486187,
     "AUROC_unstrat": 0.0026445649567819725,
     "H": 0.0025659659937239203,
     "H_age_random": 0.000815440444780154,
     "companion": 0.0024998040007565827
    },
    "R_H_nan_frac_1024": 0.0
   },
   "SYN_a0.5_ageb1": {
    "AUROC_strat": 0.641156307342769,
    "AUROC_unstrat": 0.7484387247853105,
    "H": 0.013544018058690745,
    "H_random": 0.06937547027840481,
    "H_age_random": 0.018048499610189096,
    "R_H": 0.7504234895539243,
    "R_H_uniform": 0.19522776572668116,
    "companion": 0.09762133542013245,
    "n_bins": 15,
    "n_Qcrit": 443,
    "sd_at_1024": {
     "AUROC_strat": 0.0033723582118795063,
     "R_H": 0.0723815303645767,
     "AUROC_unstrat": 0.0026028290102454907,
     "H": 0.00128847512084794,
     "H_age_random": 0.0004335343361872139,
     "companion": 0.002173598949679044
    },
    "R_H_nan_frac_1024": 0.0,
    "power_one_seed_AUROC": 0.0,
    "power_one_seed_harm": 2.983778257803493e-08
   },
   "SYN_a1.0_ageb1": {
    "AUROC_strat": 0.7644333079073655,
    "AUROC_unstrat": 0.8313010829141477,
    "H": 0.011286681715575621,
    "H_random": 0.06937547027840481,
    "H_age_random": 0.01806888187965289,
    "R_H": 0.6246474901297236,
    "R_H_uniform": 0.1626898047722343,
    "companion": 0.17278260389198336,
    "n_bins": 15,
    "n_Qcrit": 443,
    "sd_at_1024": {
     "AUROC_strat": 0.00284155816152926,
     "R_H": 0.06893551909709998,
     "AUROC_unstrat": 0.0021385575341951067,
     "H": 0.0012400406450919315,
     "H_age_random": 0.00043227779608607305,
     "companion": 0.002086300893702606
    },
    "R_H_nan_frac_1024": 0.0,
    "power_one_seed_AUROC": 0.0,
    "power_one_seed_harm": 8.222266532431632e-05
   },
   "SYN_a1.5_ageb1": {
    "AUROC_strat": 0.8600686523820059,
    "AUROC_unstrat": 0.894091095002174,
    "H": 0.004514672686230248,
    "H_random": 0.06937547027840481,
    "H_age_random": 0.01784977248291711,
    "R_H": 0.25292606337425066,
    "R_H_uniform": 0.0650759219088937,
    "companion": 0.23641635677278003,
    "n_bins": 15,
    "n_Qcrit": 443,
    "sd_at_1024": {
     "AUROC_strat": 0.002163458633841095,
     "R_H": 0.04072840429739098,
     "AUROC_unstrat": 0.0016863381746725337,
     "H": 0.0007374176823805873,
     "H_age_random": 0.00043694209672413457,
     "companion": 0.0019972423110612403
    },
    "R_H_nan_frac_1024": 0.0,
    "power_one_seed_AUROC": 0.9964695800424603,
    "power_one_seed_harm": 0.9999799045080846
   },
   "SYN_a2.0_ageb1": {
    "AUROC_strat": 0.9245194409238994,
    "AUROC_unstrat": 0.9374825945320842,
    "H": 0.0,
    "H_random": 0.06937547027840481,
    "H_age_random": 0.01770200102930461,
    "R_H": 0.0,
    "R_H_uniform": 0.0,
    "companion": 0.2786534588578311,
    "n_bins": 15,
    "n_Qcrit": 443,
    "sd_at_1024": {
     "AUROC_strat": 0.0014868568811213588,
     "R_H": 0.0,
     "AUROC_unstrat": 0.001287547824032137,
     "H": 0.0,
     "H_age_random": 0.00043570008014856136,
     "companion": 0.0019644592832498307
    },
    "R_H_nan_frac_1024": 0.0,
    "power_one_seed_AUROC": 1.0,
    "power_one_seed_harm": 1.0
   },
   "SYN_a2.5_ageb1": {
    "AUROC_strat": 0.9623416289122053,
    "AUROC_unstrat": 0.9646698405640168,
    "H": 0.0,
    "H_random": 0.06937547027840481,
    "H_age_random": 0.01770200102930461,
    "R_H": 0.0,
    "R_H_uniform": 0.0,
    "companion": 0.304461789836325,
    "n_bins": 15,
    "n_Qcrit": 443,
    "sd_at_1024": {
     "AUROC_strat": 0.0009992579496949008,
     "R_H": 0.0,
     "AUROC_unstrat": 0.0009554423837487324,
     "H": 0.0,
     "H_age_random": 0.00043570008014856136,
     "companion": 0.0019532944895373112
    },
    "R_H_nan_frac_1024": 0.0,
    "power_one_seed_AUROC": 1.0,
    "power_one_seed_harm": 1.0
   },
   "SYN_a3.0_ageb1": {
    "AUROC_strat": 0.9814115887993053,
    "AUROC_unstrat": 0.9803865512549769,
    "H": 0.0,
    "H_random": 0.06937547027840481,
    "H_age_random": 0.01770200102930461,
    "R_H": 0.0,
    "R_H_uniform": 0.0,
    "companion": 0.3239138772225922,
    "n_bins": 15,
    "n_Qcrit": 443,
    "sd_at_1024": {
     "AUROC_strat": 0.0006689412084300854,
     "R_H": 0.0,
     "AUROC_unstrat": 0.0006934224251428687,
     "H": 0.0,
     "H_age_random": 0.00043570008014856136,
     "companion": 0.0020150953500888105
    },
    "R_H_nan_frac_1024": 0.0,
    "power_one_seed_AUROC": 1.0,
    "power_one_seed_harm": 1.0
   },
   "SYN_a4.0_ageb1": {
    "AUROC_strat": 0.9944956726985231,
    "AUROC_unstrat": 0.9932986577206672,
    "H": 0.0,
    "H_random": 0.06937547027840481,
    "H_age_random": 0.01770200102930461,
    "R_H": 0.0,
    "R_H_uniform": 0.0,
    "companion": 0.3415045376299332,
    "n_bins": 15,
    "n_Qcrit": 443,
    "sd_at_1024": {
     "AUROC_strat": 0.0003892578954988227,
     "R_H": 0.0,
     "AUROC_unstrat": 0.0004058379462640732,
     "H": 0.0,
     "H_age_random": 0.00043570008014856136,
     "companion": 0.002048897100919834
    },
    "R_H_nan_frac_1024": 0.0,
    "power_one_seed_AUROC": 1.0,
    "power_one_seed_harm": 1.0
   },
   "_MDE_note": "theta_80 = bar + 2.80*sd (AUROC), bar - 2.80*sd (R_H); normal approx"
  },
  "all_cells": {
   "PC_binary_true_demand": {
    "AUROC_strat": 0.96106169178478,
    "AUROC_unstrat": 0.9611458385333038,
    "H": 0.005018613974799541,
    "H_random": 0.06507731958762887,
    "H_age_random": 0.060504570092464655,
    "R_H": 0.08294603146720926,
    "R_H_uniform": 0.0771177117711771,
    "companion": 0.4446542217969045,
    "n_bins": 16,
    "n_Qcrit": 582,
    "sd_at_1024": {
     "AUROC_strat": 0.0013366816716811351,
     "R_H": 0.003010573362269304,
     "AUROC_unstrat": 0.0013217966726564708,
     "H": 0.00019575356156261624,
     "H_age_random": 0.00021945799236157523,
     "companion": 0.0009806700619241543
    },
    "R_H_nan_frac_1024": 0.0,
    "power_one_seed_AUROC": 1.0,
    "power_one_seed_harm": 1.0
   },
   "ORACLE_loo_replicate": {
    "AUROC_strat": 0.989256270466586,
    "AUROC_unstrat": 0.9907474078775508,
    "H": 0.001718213058419244,
    "H_random": 0.06507731958762887,
    "H_age_random": 0.08275173887885122,
    "R_H": 0.020763467713164466,
    "R_H_uniform": 0.0264026402640264,
    "companion": 0.43520719929906526,
    "n_bins": 16,
    "n_Qcrit": 582,
    "sd_at_1024": {
     "AUROC_strat": 0.0007237570796267941,
     "R_H": 0.004887033055579324,
     "AUROC_unstrat": 0.0007149770405666486,
     "H": 0.00040617368445426845,
     "H_age_random": 0.0008448366008811179,
     "companion": 0.001092365297974975
    },
    "R_H_nan_frac_1024": 0.0,
    "power_one_seed_AUROC": 1.0,
    "power_one_seed_harm": 1.0
   },
   "AGE_only": {
    "AUROC_strat": 0.5,
    "AUROC_unstrat": 0.7626990548716432,
    "H": 0.003436426116838488,
    "H_random": 0.06507731958762887,
    "H_age_random": 0.003436426116838488,
    "R_H": 1.0,
    "R_H_uniform": 0.0528052805280528,
    "companion": -0.0008707827210385783,
    "n_bins": 16,
    "n_Qcrit": 582,
    "sd_at_1024": {
     "AUROC_strat": 0.0,
     "R_H": 0.0,
     "AUROC_unstrat": 0.0021081184256944345,
     "H": 0.0005795405837463811,
     "H_age_random": 0.0005795405837463811,
     "companion": 8.780412781684202e-05
    },
    "R_H_nan_frac_1024": 0.0
   },
   "RECENCY": {
    "AUROC_strat": 0.5,
    "AUROC_unstrat": 0.7461648765968139,
    "H": 0.029209621993127148,
    "H_random": 0.06507731958762887,
    "H_age_random": 0.029209621993127148,
    "R_H": 1.0,
    "R_H_uniform": 0.44884488448844884,
    "companion": -0.0006319354680712225,
    "n_bins": 16,
    "n_Qcrit": 582,
    "sd_at_1024": {
     "AUROC_strat": 0.0,
     "R_H": 0.0,
     "AUROC_unstrat": 0.0024268386261547654,
     "H": 0.001945577863354137,
     "H_age_random": 0.001945577863354137,
     "companion": 6.091538749499939e-05
    },
    "R_H_nan_frac_1024": 0.0
   },
   "NULL_shuffled_within_step": {
    "AUROC_strat": 0.49933045283035327,
    "AUROC_unstrat": 0.49963942604393924,
    "H": 0.06872852233676977,
    "H_random": 0.06507731958762887,
    "H_age_random": 0.06629881555484701,
    "R_H": 1.0366478158258006,
    "R_H_uniform": 1.056105610561056,
    "companion": 0.003977188691659748,
    "n_bins": 16,
    "n_Qcrit": 582,
    "sd_at_1024": {
     "AUROC_strat": 0.003192772584103524,
     "R_H": 0.03177898975153287,
     "AUROC_unstrat": 0.00321981557651489,
     "H": 0.00235253678150122,
     "H_age_random": 0.0007922862307340184,
     "companion": 0.0032069210024302536
    },
    "R_H_nan_frac_1024": 0.0
   },
   "SYN_a0.5_ageb1": {
    "AUROC_strat": 0.6346822148179231,
    "AUROC_unstrat": 0.7738180409857334,
    "H": 0.0,
    "H_random": 0.06507731958762887,
    "H_age_random": 0.010326991887200198,
    "R_H": 0.0,
    "R_H_uniform": 0.0,
    "companion": 0.07180337590723587,
    "n_bins": 16,
    "n_Qcrit": 582,
    "sd_at_1024": {
     "AUROC_strat": 0.0031709533513400567,
     "R_H": 0.0,
     "AUROC_unstrat": 0.0024603987617812565,
     "H": 0.0,
     "H_age_random": 0.00039603286920625796,
     "companion": 0.0017675349116968845
    },
    "R_H_nan_frac_1024": 0.0,
    "power_one_seed_AUROC": 0.0,
    "power_one_seed_harm": 1.0
   },
   "SYN_a1.0_ageb1": {
    "AUROC_strat": 0.7622589964606119,
    "AUROC_unstrat": 0.8473618526688123,
    "H": 0.0,
    "H_random": 0.06507731958762887,
    "H_age_random": 0.010326991887200198,
    "R_H": 0.0,
    "R_H_uniform": 0.0,
    "companion": 0.13738600585312255,
    "n_bins": 16,
    "n_Qcrit": 582,
    "sd_at_1024": {
     "AUROC_strat": 0.0027586369991368545,
     "R_H": 0.0,
     "AUROC_unstrat": 0.002069953665666358,
     "H": 0.0,
     "H_age_random": 0.00039603286920625796,
     "companion": 0.001699804591570674
    },
    "R_H_nan_frac_1024": 0.0,
    "power_one_seed_AUROC": 0.0,
    "power_one_seed_harm": 1.0
   },
   "SYN_a1.5_ageb1": {
    "AUROC_strat": 0.8626693956515412,
    "AUROC_unstrat": 0.9042852511373193,
    "H": 0.0,
    "H_random": 0.06507731958762887,
    "H_age_random": 0.010326991887200198,
    "R_H": 0.0,
    "R_H_uniform": 0.0,
    "companion": 0.18920414270242625,
    "n_bins": 16,
    "n_Qcrit": 582,
    "sd_at_1024": {
     "AUROC_strat": 0.0020689070959271946,
     "R_H": 0.0,
     "AUROC_unstrat": 0.0015988624182343802,
     "H": 0.0,
     "H_age_random": 0.00039603286920625796,
     "companion": 0.0015417396424524468
    },
    "R_H_nan_frac_1024": 0.0,
    "power_one_seed_AUROC": 0.9999843443960521,
    "power_one_seed_harm": 1.0
   },
   "SYN_a2.0_ageb1": {
    "AUROC_strat": 0.9289330020589232,
    "AUROC_unstrat": 0.9440641342193078,
    "H": 0.0,
    "H_random": 0.06507731958762887,
    "H_age_random": 0.010326991887200198,
    "R_H": 0.0,
    "R_H_uniform": 0.0,
    "companion": 0.23112451479331983,
    "n_bins": 16,
    "n_Qcrit": 582,
    "sd_at_1024": {
     "AUROC_strat": 0.0013879954199712064,
     "R_H": 0.0,
     "AUROC_unstrat": 0.0011291017269476054,
     "H": 0.0,
     "H_age_random": 0.00039603286920625796,
     "companion": 0.0015263483015523006
    },
    "R_H_nan_frac_1024": 0.0,
    "power_one_seed_AUROC": 1.0,
    "power_one_seed_harm": 1.0
   },
   "SYN_a2.5_ageb1": {
    "AUROC_strat": 0.9668691869869951,
    "AUROC_unstrat": 0.9694621891057623,
    "H": 0.0,
    "H_random": 0.06507731958762887,
    "H_age_random": 0.010326991887200198,
    "R_H": 0.0,
    "R_H_uniform": 0.0,
    "companion": 0.262937824238414,
    "n_bins": 16,
    "n_Qcrit": 582,
    "sd_at_1024": {
     "AUROC_strat": 0.000782353986234485,
     "R_H": 0.0,
     "AUROC_unstrat": 0.0007318885266079151,
     "H": 0.0,
     "H_age_random": 0.00039603286920625796,
     "companion": 0.0015809296878567464
    },
    "R_H_nan_frac_1024": 0.0,
    "power_one_seed_AUROC": 1.0,
    "power_one_seed_harm": 1.0
   },
   "SYN_a3.0_ageb1": {
    "AUROC_strat": 0.9856420984060329,
    "AUROC_unstrat": 0.9841236648532826,
    "H": 0.0,
    "H_random": 0.06507731958762887,
    "H_age_random": 0.010326991887200198,
    "R_H": 0.0,
    "R_H_uniform": 0.0,
    "companion": 0.28157299112493933,
    "n_bins": 16,
    "n_Qcrit": 582,
    "sd_at_1024": {
     "AUROC_strat": 0.0004147472160439472,
     "R_H": 0.0,
     "AUROC_unstrat": 0.0004414394305639395,
     "H": 0.0,
     "H_age_random": 0.00039603286920625796,
     "companion": 0.001647757667755606
    },
    "R_H_nan_frac_1024": 0.0,
    "power_one_seed_AUROC": 1.0,
    "power_one_seed_harm": 1.0
   },
   "SYN_a4.0_ageb1": {
    "AUROC_strat": 0.996592864688371,
    "AUROC_unstrat": 0.9957149134331764,
    "H": 0.0,
    "H_random": 0.06507731958762887,
    "H_age_random": 0.010326991887200198,
    "R_H": 0.0,
    "R_H_uniform": 0.0,
    "companion": 0.2986304821902801,
    "n_bins": 16,
    "n_Qcrit": 582,
    "sd_at_1024": {
     "AUROC_strat": 0.00016600587219446885,
     "R_H": 0.0,
     "AUROC_unstrat": 0.00015501265250037505,
     "H": 0.0,
     "H_age_random": 0.00039603286920625796,
     "companion": 0.0017598316353339223
    },
    "R_H_nan_frac_1024": 0.0,
    "power_one_seed_AUROC": 1.0,
    "power_one_seed_harm": 1.0
   },
   "_MDE_note": "theta_80 = bar + 2.80*sd (AUROC), bar - 2.80*sd (R_H); normal approx"
  }
 }
}
